{
  "SchemaVersion": 2,
  "CreatedAt": "2021-08-25T12:20:30.000000005Z",
  "ArtifactName": "testdata/fixtures/repo/conan",
  "ArtifactType": "repository",
  "Metadata": {
    "ImageConfig": {
      "architecture": "",
      "created": "0001-01-01T00:00:00Z",
      "os": "",
      "rootfs": {
        "type": "",
        "diff_ids": null
      },
      "config": {}
    }
  },
  "Results": [
    {
      "Target": "conan.lock",
      "Class": "lang-pkgs",
      "Type": "conan",
      "Packages": [
        {
          "ID": "bzip2/1.0.8",
          "Name": "bzip2",
          "Identifier": {
            "PURL": "pkg:conan/bzip2@1.0.8"
          },
          "Version": "1.0.8",
          "Indirect": true,
          "Layer": {},
          "Locations": [
            {
              "StartLine": 37,
              "EndLine": 43
            }
          ]
        },
        {
          "ID": "expat/2.4.8",
          "Name": "expat",
          "Identifier": {
            "PURL": "pkg:conan/expat@2.4.8"
          },
          "Version": "2.4.8",
          "Indirect": true,
          "Layer": {},
          "Locations": [
            {
              "StartLine": 51,
              "EndLine": 57
            }
          ]
        },
        {
          "ID": "openssl/1.1.1q",
          "Name": "openssl",
          "Identifier": {
            "PURL": "pkg:conan/openssl@1.1.1q"
          },
          "Version": "1.1.1q",
          "Indirect": true,
          "Layer": {},
          "Locations": [
            {
              "StartLine": 65,
              "EndLine": 71
            }
          ]
        },
        {
          "ID": "pcre/8.43",
          "Name": "pcre",
          "Identifier": {
            "PURL": "pkg:conan/pcre@8.43"
          },
          "Version": "8.43",
          "Indirect": true,
          "DependsOn": [
            "bzip2/1.0.8",
            "zlib/1.2.12"
          ],
          "Layer": {},
          "Locations": [
            {
              "StartLine": 26,
              "EndLine": 36
            }
          ]
        },
        {
          "ID": "poco/1.9.4",
          "Name": "poco",
          "Identifier": {
            "PURL": "pkg:conan/poco@1.9.4"
          },
          "Version": "1.9.4",
          "DependsOn": [
            "pcre/8.43",
            "zlib/1.2.12",
            "expat/2.4.8",
            "sqlite3/3.39.2",
            "openssl/1.1.1q"
          ],
          "Layer": {},
          "Locations": [
            {
              "StartLine": 12,
              "EndLine": 25
            }
          ]
        },
        {
          "ID": "sqlite3/3.39.2",
          "Name": "sqlite3",
          "Identifier": {
            "PURL": "pkg:conan/sqlite3@3.39.2"
          },
          "Version": "3.39.2",
          "Indirect": true,
          "Layer": {},
          "Locations": [
            {
              "StartLine": 58,
              "EndLine": 64
            }
          ]
        },
        {
          "ID": "zlib/1.2.12",
          "Name": "zlib",
          "Identifier": {
            "PURL": "pkg:conan/zlib@1.2.12"
          },
          "Version": "1.2.12",
          "Indirect": true,
          "Layer": {},
          "Locations": [
            {
              "StartLine": 44,
              "EndLine": 50
            }
          ]
        }
      ],
      "Vulnerabilities": [
        {
          "VulnerabilityID": "CVE-2020-14155",
          "PkgID": "pcre/8.43",
          "PkgName": "pcre",
          "PkgIdentifier": {
            "PURL": "pkg:conan/pcre@8.43"
          },
          "InstalledVersion": "8.43",
          "FixedVersion": "8.45",
          "Status": "fixed",
          "Layer": {},
          "Severity": "UNKNOWN"
        }
      ]
    }
  ]
}
